# serializer version: 1
# name: test_trainloader_bookcorpusnwiki
  Size(
    32,
    128,
  )
# ---
# name: test_trainloader_bookcorpusnwiki.1
  {'input_ids': tensor([[    0,  8877,   128,  ...,     1,     1,     1],
          [    0,    90, 12541,  ...,     1,     1,     1],
          [    0, 50264,    42,  ...,     1,     1,     1],
          ...,
          [    0,   627,  4382,  ...,     1,     1,     1],
          [    0, 49519,   939,  ...,     1,     1,     1],
          [    0, 49519, 14223,  ...,     1,     1,     1]]), 'attention_mask': tensor([[1, 1, 1,  ..., 0, 0, 0],
          [1, 1, 1,  ..., 0, 0, 0],
          [1, 1, 1,  ..., 0, 0, 0],
          ...,
          [1, 1, 1,  ..., 0, 0, 0],
          [1, 1, 1,  ..., 0, 0, 0],
          [1, 1, 1,  ..., 0, 0, 0]]), 'labels': tensor([[ -100,  -100,  -100,  ...,  -100,  -100,  -100],
          [ -100,  -100,  -100,  ...,  -100,  -100,  -100],
          [ -100, 49519,  -100,  ...,  -100,  -100,  -100],
          ...,
          [ -100,  -100,  -100,  ...,  -100,  -100,  -100],
          [ -100,  -100,  -100,  ...,  -100,  -100,  -100],
          [ -100,  -100,  -100,  ...,  -100,  -100,  -100]])}
# ---
# name: test_trainset_bookcorpusnwiki
  Size(
    128,
  )
# ---
# name: test_trainset_bookcorpusnwiki.1
  dict({
    'attention_mask': tensor([1, 1, 1, 1, 1, 1, 1, 1, 1, 1, 1, 1, 1, 1, 1, 1, 0, 0, 0, 0, 0, 0, 0, 0,
          0, 0, 0, 0, 0, 0, 0, 0, 0, 0, 0, 0, 0, 0, 0, 0, 0, 0, 0, 0, 0, 0, 0, 0,
          0, 0, 0, 0, 0, 0, 0, 0, 0, 0, 0, 0, 0, 0, 0, 0, 0, 0, 0, 0, 0, 0, 0, 0,
          0, 0, 0, 0, 0, 0, 0, 0, 0, 0, 0, 0, 0, 0, 0, 0, 0, 0, 0, 0, 0, 0, 0, 0,
          0, 0, 0, 0, 0, 0, 0, 0, 0, 0, 0, 0, 0, 0, 0, 0, 0, 0, 0, 0, 0, 0, 0, 0,
          0, 0, 0, 0, 0, 0, 0, 0]),
    'input_ids': tensor([    0,  8877,   128,   417,   393,    56,    10,   313, 15256,   215,
           5676,  6453,    13,    69,   479,     2,     1,     1,     1,     1,
              1,     1,     1,     1,     1,     1,     1,     1,     1,     1,
              1,     1,     1,     1,     1,     1,     1,     1,     1,     1,
              1,     1,     1,     1,     1,     1,     1,     1,     1,     1,
              1,     1,     1,     1,     1,     1,     1,     1,     1,     1,
              1,     1,     1,     1,     1,     1,     1,     1,     1,     1,
              1,     1,     1,     1,     1,     1,     1,     1,     1,     1,
              1,     1,     1,     1,     1,     1,     1,     1,     1,     1,
              1,     1,     1,     1,     1,     1,     1,     1,     1,     1,
              1,     1,     1,     1,     1,     1,     1,     1,     1,     1,
              1,     1,     1,     1,     1,     1,     1,     1,     1,     1,
              1,     1,     1,     1,     1,     1,     1,     1]),
    'special_tokens_mask': tensor([1, 0, 0, 0, 0, 0, 0, 0, 0, 0, 0, 0, 0, 0, 0, 1, 1, 1, 1, 1, 1, 1, 1, 1,
          1, 1, 1, 1, 1, 1, 1, 1, 1, 1, 1, 1, 1, 1, 1, 1, 1, 1, 1, 1, 1, 1, 1, 1,
          1, 1, 1, 1, 1, 1, 1, 1, 1, 1, 1, 1, 1, 1, 1, 1, 1, 1, 1, 1, 1, 1, 1, 1,
          1, 1, 1, 1, 1, 1, 1, 1, 1, 1, 1, 1, 1, 1, 1, 1, 1, 1, 1, 1, 1, 1, 1, 1,
          1, 1, 1, 1, 1, 1, 1, 1, 1, 1, 1, 1, 1, 1, 1, 1, 1, 1, 1, 1, 1, 1, 1, 1,
          1, 1, 1, 1, 1, 1, 1, 1]),
  })
# ---
